#-----------------------------------------------------------
# Webtalk v2017.4.1 (64-bit)
# SW Build 2117270 on Tue Jan 30 15:31:13 MST 2018
# IP Build 2095745 on Tue Jan 30 17:13:15 MST 2018
# Start of session at: Sun Jan 13 21:31:17 2019
# Process ID: 1983
# Current directory: /home/soc-lab/Desktop/SoC-Lab/SocLabPartialReconfigIot/ImageProcessing/green_filter/source/green_filter_logic/green_filter_logic.sim/sim_1/behav/xsim
# Command line: wbtcv -mode batch -source /home/soc-lab/Desktop/SoC-Lab/SocLabPartialReconfigIot/ImageProcessing/green_filter/source/green_filter_logic/green_filter_logic.sim/sim_1/behav/xsim/xsim.dir/green_filter_logic_tb_behav/webtalk/xsim_webtalk.tcl -notrace
# Log file: /home/soc-lab/Desktop/SoC-Lab/SocLabPartialReconfigIot/ImageProcessing/green_filter/source/green_filter_logic/green_filter_logic.sim/sim_1/behav/xsim/webtalk.log
# Journal file: /home/soc-lab/Desktop/SoC-Lab/SocLabPartialReconfigIot/ImageProcessing/green_filter/source/green_filter_logic/green_filter_logic.sim/sim_1/behav/xsim/webtalk.jou
#-----------------------------------------------------------
source /home/soc-lab/Desktop/SoC-Lab/SocLabPartialReconfigIot/ImageProcessing/green_filter/source/green_filter_logic/green_filter_logic.sim/sim_1/behav/xsim/xsim.dir/green_filter_logic_tb_behav/webtalk/xsim_webtalk.tcl -notrace
