/home/benedikt/hardware_project/ZedBoard_OOB_Design/hw/xps_proj/implementation/system.ngc 1548861017
/home/benedikt/hardware_project/ZedBoard_OOB_Design/hw/xps_proj/implementation/system_processing_system7_0_wrapper.ngc 1548860254
/home/benedikt/hardware_project/ZedBoard_OOB_Design/hw/xps_proj/implementation/system_util_vector_logic_0_wrapper.ngc 1548860243
/home/benedikt/hardware_project/ZedBoard_OOB_Design/hw/xps_proj/implementation/system_axi_interconnect_0_wrapper.ngc 1548860987
/home/benedikt/hardware_project/ZedBoard_OOB_Design/hw/xps_proj/implementation/system_axi_interconnect_1_wrapper.ngc 1548860983
/home/benedikt/hardware_project/ZedBoard_OOB_Design/hw/xps_proj/implementation/system_axi_interconnect_2_wrapper.ngc 1548860978
/home/benedikt/hardware_project/ZedBoard_OOB_Design/hw/xps_proj/implementation/system_vga_flyinglogo_0_wrapper.ngc 1548860966
/home/benedikt/hardware_project/ZedBoard_OOB_Design/hw/xps_proj/implementation/system_axi_clkgen_0_wrapper.ngc 1548860962
/home/benedikt/hardware_project/ZedBoard_OOB_Design/hw/xps_proj/implementation/system_clock_generator_0_wrapper.ngc 1548860970
/home/benedikt/hardware_project/ZedBoard_OOB_Design/hw/xps_proj/implementation/system_axi_vdma_0_wrapper.ngc 1548860974
/home/benedikt/hardware_project/ZedBoard_OOB_Design/hw/xps_proj/implementation/system_axi_hdmi_tx_16b_0_wrapper.ngc 1548860864
/home/benedikt/hardware_project/ZedBoard_OOB_Design/hw/xps_proj/implementation/system_axi_spdif_tx_0_wrapper.ngc 1548860432
/home/benedikt/hardware_project/ZedBoard_OOB_Design/hw/xps_proj/implementation/system_myled_0_wrapper.ngc 1548860262
/home/benedikt/hardware_project/ZedBoard_OOB_Design/hw/xps_proj/implementation/system_axi_iic_0_wrapper.ngc 1548860848
/home/benedikt/hardware_project/ZedBoard_OOB_Design/hw/xps_proj/implementation/system_axi_dma_0_wrapper.ngc 1548860992
OK
