#-----------------------------------------------------------
# Vivado v2017.4.1 (64-bit)
# SW Build 2117270 on Tue Jan 30 15:31:13 MST 2018
# IP Build 2095745 on Tue Jan 30 17:13:15 MST 2018
# Start of session at: Sun Jan 13 20:24:30 2019
# Process ID: 7498
# Current directory: /home/soc-lab/Desktop/SoC-Lab/SocLabPartialReconfigIot/ImageProcessing/blue_filter
# Command line: vivado
# Log file: /home/soc-lab/Desktop/SoC-Lab/SocLabPartialReconfigIot/ImageProcessing/blue_filter/vivado.log
# Journal file: /home/soc-lab/Desktop/SoC-Lab/SocLabPartialReconfigIot/ImageProcessing/blue_filter/vivado.jou
#-----------------------------------------------------------
start_gui
open_project /home/soc-lab/Desktop/SoC-Lab/SocLabPartialReconfigIot/ImageProcessing/black_white_filter/black_white_filter.xpr
update_compile_order -fileset sources_1
close_project
open_project /home/soc-lab/Desktop/SoC-Lab/SocLabPartialReconfigIot/ImageProcessing/black_white_filter/ip_repo/edit_black_white_filter_ip_v1_0.xpr
update_compile_order -fileset sources_1
ipx::open_ipxact_file /home/soc-lab/Desktop/SoC-Lab/SocLabPartialReconfigIot/ImageProcessing/black_white_filter/ip_repo/black_white_filter_ip_1.0/component.xml
